../Core/Src/audio_recorder.c:34:6:Audio_Init	16	static
../Core/Src/audio_recorder.c:59:13:WriteWavHeader	64	static
../Core/Src/audio_recorder.c:82:6:Audio_StartRecording	24	static
../Core/Src/audio_recorder.c:110:6:Audio_StopRecording	8	static
../Core/Src/audio_recorder.c:118:6:Audio_Process	16	static
../Core/Src/audio_recorder.c:156:6:Audio_I2S_HalfCpltCallback	4	static
../Core/Src/audio_recorder.c:160:6:Audio_I2S_CpltCallback	4	static
../Core/Src/audio_recorder.c:164:14:Audio_GetState	4	static
