../Core/Src/audio_recorder.c:38:6:Audio_Init	16	static
../Core/Src/audio_recorder.c:66:13:WriteWavHeader	64	static
../Core/Src/audio_recorder.c:92:6:Audio_StartRecording	24	static
../Core/Src/audio_recorder.c:124:6:Audio_StopRecording	8	static
../Core/Src/audio_recorder.c:135:6:Audio_Process	16	static
../Core/Src/audio_recorder.c:176:6:Audio_I2S_HalfCpltCallback	4	static
../Core/Src/audio_recorder.c:181:6:Audio_I2S_CpltCallback	4	static
../Core/Src/audio_recorder.c:186:14:Audio_GetState	4	static
